Test Y003 Required
States 14
0:X1=x:t10;
0:X1=x:t11;
0:X1=x:t12;
0:X1=x:t13;
0:X1=x:t14;
0:X1=x:t15;
0:X1=x:t2;
0:X1=x:t3;
0:X1=x:t4;
0:X1=x:t5;
0:X1=x:t6;
0:X1=x:t7;
0:X1=x:t8;
0:X1=x:t9;
Ok
Witnesses
Positive: 14 Negative: 0
Condition forall (not (0:X1=x:t0) /\ not (0:X1=x:t1))
Observation Y003 Always 14 0
Hash=5636d8f61ba6e9c72c60cc386646da79

