Test Y005 Required
States 1
0:X1=x:t0;
Ok
Witnesses
Positive: 1 Negative: 0
Condition forall (0:X1=x:t0)
Observation Y005 Always 1 0
Hash=6c900fc13a3b724a96e1ce198a96ba74

