Test Y008 Required
States 1
0:X1=x:t0; 0:RGSR_EL1=163840;
No
Witnesses
Positive: 0 Negative: 1
Condition forall (0:X1=x:t10 /\ 0:RGSR_EL1=5242890)
Observation Y008 Never 0 1
Hash=fbb85f77dfa0c46db6367f09d5c77bbd

