Test MP+dmb.st+irg.v2 Allowed
States 3
1:X0=0; 1:X2=0;  ~Fault(P1);
1:X0=1; 1:X2=0;  ~Fault(P1);
1:X0=1; 1:X2=1;  ~Fault(P1);
No
Witnesses
Positive: 0 Negative: 3
Condition exists (1:X2=1 /\ 1:X0=0 /\ not (fault(P1)))
Observation MP+dmb.st+irg.v2 Never 0 3
Hash=210ab01a39eb931f6ac3444b1941e468

