Test YL-02 Required
States 1
0:main.0.tag=0;
Ok
Witnesses
Positive: 1 Negative: 0
Condition forall (0:main.0.tag=0)
Observation YL-02 Always 1 0
Hash=9e5089149dedd4788d1a554a4f58f950

