Test YL-03 Required
States 1
0:main.0.final_seed=12289; 0:main.0.final_tag=3; 0:main.0.tag=3;
Ok
Witnesses
Positive: 1 Negative: 0
Condition forall (0:main.0.tag=3 /\ 0:main.0.final_seed=12289 /\ 0:main.0.final_tag=3)
Observation YL-03 Always 1 0
Hash=4bc48ce2121f6c2d3771a3219cdde94d

